../Drivers/CMSIS/Include/core_cm3.h:1762:34:__NVIC_SystemReset	4	static,ignoring_inline_asm
../Core/Src/main.c:170:13:uart_raw_tx	16	static
../Core/Src/main.c:177:13:uart_tx	16	static
../Core/Src/main.c:183:13:uart_puts	16	static
../Core/Src/main.c:189:13:uart_printf	16	static
../Core/Src/main.c:201:13:system_panic_reset	24	static,ignoring_inline_asm
../Core/Src/main.c:224:13:SPI_Lock	4	static
../Core/Src/main.c:225:13:SPI_Unlock	4	static
../Core/Src/main.c:230:20:RADIO_NSS_LOW	16	static
../Core/Src/main.c:235:20:RADIO_NSS_HIGH	16	static
../Core/Src/main.c:244:13:RADIO_Reset	16	static
../Core/Src/main.c:264:16:RADIO_ReadReg	24	static
../Core/Src/main.c:282:13:RADIO_WriteReg	24	static
../Core/Src/main.c:297:13:RADIO_ReadFifo	24	static
../Core/Src/main.c:313:13:RADIO_WriteFifo	24	static
../Core/Src/main.c:332:13:RADIO_SetMode	16	static
../Core/Src/main.c:337:13:RADIO_SetFrequency_Hz	32	static
../Core/Src/main.c:346:13:RADIO_SetInvertIQ	16	static
../Core/Src/main.c:363:15:RADIO_ReadPacketSNR_q4	16	static
../Core/Src/main.c:368:16:RADIO_ReadPacketRSSI_dBm	24	static
../Core/Src/main.c:378:13:RADIO_RX_LoRaInit	24	static
../Core/Src/main.c:418:13:RADIO_RX_StartContinuous	16	static
../Core/Src/main.c:427:13:RADIO_TX_Send	32	static
../Core/Src/main.c:476:13:print_aprs_payload	40	static
../Core/Src/main.c:512:13:RADIO_RX_ProcessIfAny	56	static
../Core/Src/main.c:584:6:HAL_GPIO_EXTI_Callback	16	static
../Core/Src/main.c:592:5:main	16	static
../Core/Src/main.c:684:6:SystemClock_Config	72	static
../Core/Src/main.c:705:13:MX_GPIO_Init	40	static
../Core/Src/main.c:761:13:MX_SPI1_Init	16	static
../Core/Src/main.c:780:13:MX_USART1_UART_Init	16	static
../Core/Src/main.c:796:6:Error_Handler	4	static,ignoring_inline_asm
