../Core/Src/main.c:156:9:LoRa_ReadReg	24	static
../Core/Src/main.c:166:6:LoRa_WriteReg	24	static
../Core/Src/main.c:173:6:LoRa_Init	48	static
../Core/Src/main.c:205:6:LoRa_SetMode	16	static
../Core/Src/main.c:209:6:LoRa_Send	32	static
../Core/Src/main.c:241:9:LoRa_Receive	32	static
../Core/Src/main.c:259:6:DebugPrint	144	static
../Core/Src/main.c:271:6:Queue_Push	24	static
../Core/Src/main.c:283:5:Queue_Pop	24	static
../Core/Src/main.c:292:7:GetInternalVoltage	16	static
../Core/Src/main.c:303:6:SendTelemetry	232	static
../Core/Src/main.c:318:6:HAL_GPIO_EXTI_Callback	16	static
../Core/Src/main.c:330:5:main	560	static
../Core/Src/main.c:493:6:SystemClock_Config	88	static
../Core/Src/main.c:538:13:MX_ADC1_Init	24	static
../Core/Src/main.c:585:13:MX_IWDG_Init	8	static
../Core/Src/main.c:613:13:MX_SPI1_Init	8	static
../Core/Src/main.c:651:13:MX_USART1_UART_Init	8	static
../Core/Src/main.c:684:13:MX_GPIO_Init	40	static
../Core/Src/main.c:755:6:Error_Handler	4	static,ignoring_inline_asm
