../Core/Src/stm32f1xx_it.c:61:6:NMI_Handler	4	static
../Core/Src/stm32f1xx_it.c:72:6:HardFault_Handler	4	static
../Core/Src/stm32f1xx_it.c:86:6:MemManage_Handler	4	static
../Core/Src/stm32f1xx_it.c:100:6:BusFault_Handler	4	static
../Core/Src/stm32f1xx_it.c:114:6:UsageFault_Handler	4	static
../Core/Src/stm32f1xx_it.c:128:6:SVC_Handler	4	static
../Core/Src/stm32f1xx_it.c:139:6:DebugMon_Handler	4	static
../Core/Src/stm32f1xx_it.c:150:6:PendSV_Handler	4	static
../Core/Src/stm32f1xx_it.c:161:6:SysTick_Handler	8	static
../Core/Src/stm32f1xx_it.c:180:6:EXTI1_IRQHandler	8	static
